// Jest Snapshot v1, https://goo.gl/fbAQLP

exports[`should render loading page correctly 1`] = `
<div
  className="loader-root-container"
>
  <div
    className="loader-container"
  >
    <div
      className="cicle-loader"
    />
  </div>
</div>
`;
