// Jest Snapshot v1, https://goo.gl/fbAQLP

exports[`should render Not Found Page correctly 1`] = `
<p>
  404! Not Found 
  <Link
    replace={false}
    to="/"
  >
    Go To Homepage
  </Link>
</p>
`;
